{
  "design": "Fixed synthetic packet; all cases equally weighted; no sampling inference",
  "n": 12,
  "event_count": 7,
  "policies": [
    {
      "policy": "cost_rule",
      "actions": 9,
      "misses": 1,
      "realized_cost": 222.0,
      "input_forecast_expected_cost": 272.0,
      "deployable_comparator": true
    },
    {
      "policy": "probability_0.5",
      "actions": 5,
      "misses": 3,
      "realized_cost": 440.0,
      "input_forecast_expected_cost": 356.5,
      "deployable_comparator": true
    },
    {
      "policy": "classical_bayes",
      "actions": 9,
      "misses": 1,
      "realized_cost": 222.0,
      "input_forecast_expected_cost": 272.0,
      "deployable_comparator": true
    },
    {
      "policy": "act_all",
      "actions": 12,
      "misses": 0,
      "realized_cost": 297.0,
      "input_forecast_expected_cost": 297.0,
      "deployable_comparator": true
    },
    {
      "policy": "act_none",
      "actions": 0,
      "misses": 7,
      "realized_cost": 560.0,
      "input_forecast_expected_cost": 434.5,
      "deployable_comparator": true
    },
    {
      "policy": "outcome_oracle",
      "actions": 7,
      "misses": 0,
      "realized_cost": 172.0,
      "input_forecast_expected_cost": 316.0,
      "deployable_comparator": false
    }
  ],
  "best_global_threshold_cost": 292.0,
  "best_thresholds": [
    {
      "threshold": 0.1,
      "exact": "1/10",
      "realized_cost": 292.0
    }
  ],
  "fixed_baseline_gain": 218,
  "fixed_baseline_reduction_percent": 49.54545454545455,
  "best_threshold_gain": 70,
  "best_threshold_reduction_percent": 23.972602739726028,
  "input_forecast_expected_gain": {
    "exact": "169/2",
    "value": 84.5
  },
  "sharp_uniform_probability_error_radius": {
    "exact": "149/1080",
    "value": 0.13796296296296295
  },
  "exhaustive_outcomes": {
    "assignments": 4096,
    "gain_min": -102.0,
    "gain_max": 538.0,
    "cost_rule_lower": 3952,
    "equal": 0,
    "cost_rule_higher": 144,
    "min_outcome_flips_to_reverse": 3,
    "nearest_counterexample": {
      "outcomes": [
        0,
        0,
        1,
        1,
        0,
        0,
        0,
        1,
        0,
        1,
        0,
        0
      ],
      "flipped_cases": [
        "u1",
        "u5",
        "u12"
      ],
      "cost_rule": 222.0,
      "probability_0.5": 190.0,
      "gain": -32.0
    },
    "interpretation": "Combinatorial counts, not empirical or forecast probabilities."
  },
  "uncertainty_model": "Per-case marginal q within [max(0,p-eps),min(1,p+eps)], fixed policies and costs; not aggregate calibration",
  "self_check": "passed: exact accounting, input hashes, all threshold rules, five box-corner searches, 4096 outcome vectors, strict ties",
  "python_version": "3.12.14 (main, Aug 25 2026, 13:50:33) [Clang 22.1.3 ]",
  "input_sha256": {
    "README.md": "b39b14b5264f58afa120cbe8b3ebefa12865c9669abc3e02b94a1823fcfd832a",
    "cases.csv": "ab271aaca6b73cd011fa751102e423100926cc8762151a278acfc6448d7e88de",
    "draft.md": "d58180cc28bb8499ca0ff288e3d1e9ab31f38d6de56c1e030254d7cdc62283af"
  },
  "analysis_sha256": "d5e2682a7e1d0997f6526436cfdb359d243bda6c1b914b5d0909fcb6592e810b"
}
