{
  "version": "3.2.0-rc.1",
  "generated_at": "2026-09-30T08:13:38.857503+00:00",
  "tests_run": 509,
  "failures": 0,
  "errors": 0,
  "skipped": 0,
  "passed": true,
  "groups": {
    "test_architecture": 86,
    "test_integration": 78,
    "test_lean": 54,
    "test_portability": 50,
    "test_quality31": 68,
    "test_release": 52,
    "test_suite": 121
  },
  "platform": "Darwin",
  "architecture": "arm64",
  "python": "3.12.14",
  "scope": "Local software regression. HTTP/source responses are synthetic fixtures unless separately reported.",
  "native_agent_behavior_evaluated": false,
  "real_paper_lifecycle_tested": false,
  "macos_native_tested": true
}
