{
  "strata": {
    "g1": {
      "n_independent_units": 4,
      "A_mean_score": 5.5,
      "B_mean_score": 6.5,
      "mean_difference_A_minus_B": -1.0,
      "sample_variance_difference": 0.16666666666666666,
      "paired_unit_differences": [
        -1.5,
        -1.0,
        -0.5,
        -1.0
      ],
      "bootstrap_percentile_interval_95": [
        -1.375,
        -0.625
      ]
    },
    "g2": {
      "n_independent_units": 4,
      "A_mean_score": 9.5,
      "B_mean_score": 6.75,
      "mean_difference_A_minus_B": 2.75,
      "sample_variance_difference": 2.9166666666666665,
      "paired_unit_differences": [
        1.0,
        2.0,
        3.0,
        5.0
      ],
      "bootstrap_percentile_interval_95": [
        1.5,
        4.25
      ]
    }
  },
  "target": {
    "weights": {
      "g1": 0.8,
      "g2": 0.2
    },
    "A_mean_score": 6.300000000000001,
    "B_mean_score": 6.550000000000001,
    "difference_A_minus_B": -0.25,
    "bootstrap_percentile_interval_95": [
      -0.6500000000000001,
      0.1499999999999998
    ]
  },
  "sampled": {
    "weights": {
      "g1": 0.5,
      "g2": 0.5
    },
    "A_mean_score": 7.5,
    "B_mean_score": 6.625,
    "difference_A_minus_B": 0.875,
    "bootstrap_percentile_interval_95": [
      0.1875,
      1.625
    ],
    "interpretation": "Comparator at sampled stratum composition, not the prespecified target estimator"
  },
  "robustness": {
    "intent": "exploratory; chosen after data inspection",
    "leave_one_unit_out": [
      {
        "omitted_unit": "u01",
        "omitted_stratum": "g1",
        "n_g1_remaining": 3,
        "n_g2_remaining": 4,
        "fixed_target_difference": -0.1166666666666667,
        "interval_lo": -0.4500000000000001,
        "interval_hi": 0.2666666666666665,
        "resample_configurations": 6912
      },
      {
        "omitted_unit": "u02",
        "omitted_stratum": "g1",
        "n_g1_remaining": 3,
        "n_g2_remaining": 4,
        "fixed_target_difference": -0.25,
        "interval_lo": -0.7166666666666668,
        "interval_hi": 0.21666666666666645,
        "resample_configurations": 6912
      },
      {
        "omitted_unit": "u03",
        "omitted_stratum": "g1",
        "n_g1_remaining": 3,
        "n_g2_remaining": 4,
        "fixed_target_difference": -0.3833333333333334,
        "interval_lo": -0.7333333333333335,
        "interval_hi": -0.03333333333333366,
        "resample_configurations": 6912
      },
      {
        "omitted_unit": "u04",
        "omitted_stratum": "g1",
        "n_g1_remaining": 3,
        "n_g2_remaining": 4,
        "fixed_target_difference": -0.25,
        "interval_lo": -0.7166666666666668,
        "interval_hi": 0.21666666666666645,
        "resample_configurations": 6912
      },
      {
        "omitted_unit": "u05",
        "omitted_stratum": "g2",
        "n_g1_remaining": 4,
        "n_g2_remaining": 3,
        "fixed_target_difference": -0.1333333333333333,
        "interval_lo": -0.5333333333333334,
        "interval_hi": 0.2666666666666663,
        "resample_configurations": 6912
      },
      {
        "omitted_unit": "u06",
        "omitted_stratum": "g2",
        "n_g1_remaining": 4,
        "n_g2_remaining": 3,
        "fixed_target_difference": -0.19999999999999996,
        "interval_lo": -0.6666666666666667,
        "interval_hi": 0.2666666666666663,
        "resample_configurations": 6912
      },
      {
        "omitted_unit": "u07",
        "omitted_stratum": "g2",
        "n_g1_remaining": 4,
        "n_g2_remaining": 3,
        "fixed_target_difference": -0.2666666666666667,
        "interval_lo": -0.7333333333333334,
        "interval_hi": 0.19999999999999973,
        "resample_configurations": 6912
      },
      {
        "omitted_unit": "u08",
        "omitted_stratum": "g2",
        "n_g1_remaining": 4,
        "n_g2_remaining": 3,
        "fixed_target_difference": -0.4,
        "interval_lo": -0.7333333333333334,
        "interval_hi": -0.06666666666666687,
        "resample_configurations": 6912
      }
    ],
    "loo_target_estimate_range": [
      -0.4,
      -0.1166666666666667
    ],
    "all_loo_point_estimates_favor_A": true,
    "all_loo_intervals_include_zero": false,
    "weight_sensitivity_formula": "difference(w_g1) = 2.75 - 3.75*w_g1",
    "sign_crossing_weight_g1": 0.7333333333333333,
    "scope": "composition sensitivity changes the described population; it does not revise the fixed 0.8/0.2 target or identify a causal mechanism"
  }
}
