Collecting sympy==1.14.0
  Using cached sympy-1.14.0-py3-none-any.whl.metadata (12 kB)
Collecting rdkit==2026.3.6
  Downloading rdkit-2026.3.6-cp312-cp312-macosx_11_0_arm64.whl.metadata (3.8 kB)
Collecting scikit-learn==1.9.1
  Using cached scikit_learn-1.9.1-cp312-cp312-macosx_12_0_arm64.whl.metadata (9.3 kB)
Collecting mlx==0.32.3
  Downloading mlx-0.32.3-cp312-cp312-macosx_26_0_arm64.whl.metadata (5.9 kB)
Collecting mpmath<1.4,>=1.1.0 (from sympy==1.14.0)
  Using cached mpmath-1.3.0-py3-none-any.whl.metadata (8.6 kB)
Collecting numpy (from rdkit==2026.3.6)
  Downloading numpy-2.5.3-cp312-cp312-macosx_14_0_arm64.whl.metadata (6.6 kB)
Collecting Pillow (from rdkit==2026.3.6)
  Using cached pillow-12.3.0-cp312-cp312-macosx_11_0_arm64.whl.metadata (9.1 kB)
Collecting scipy>=1.10.0 (from scikit-learn==1.9.1)
  Using cached scipy-1.18.1-cp312-cp312-macosx_14_0_arm64.whl.metadata (62 kB)
Collecting joblib>=1.4.0 (from scikit-learn==1.9.1)
  Using cached joblib-1.6.0-py3-none-any.whl.metadata (6.5 kB)
Collecting narwhals>=2.0.1 (from scikit-learn==1.9.1)
  Using cached narwhals-2.26.0-py3-none-any.whl.metadata (15 kB)
Collecting threadpoolctl>=3.5.0 (from scikit-learn==1.9.1)
  Using cached threadpoolctl-3.7.0-py3-none-any.whl.metadata (24 kB)
Collecting mlx-metal==0.32.3 (from mlx==0.32.3)
  Downloading mlx_metal-0.32.3-py3-none-macosx_26_0_arm64.whl.metadata (5.1 kB)
Collecting cloudpickle>=3.0 (from joblib>=1.4.0->scikit-learn==1.9.1)
  Using cached cloudpickle-3.1.2-py3-none-any.whl.metadata (7.1 kB)
Using cached sympy-1.14.0-py3-none-any.whl (6.3 MB)
Downloading rdkit-2026.3.6-cp312-cp312-macosx_11_0_arm64.whl (30.3 MB)
   ━━━━━━━━━━━━━━━━━━━━━━━━━━━━━━━━━━━━━━━━ 30.3/30.3 MB 7.9 MB/s eta 0:00:00
Using cached scikit_learn-1.9.1-cp312-cp312-macosx_12_0_arm64.whl (8.3 MB)
Downloading mlx-0.32.3-cp312-cp312-macosx_26_0_arm64.whl (651 kB)
   ━━━━━━━━━━━━━━━━━━━━━━━━━━━━━━━━━━━━━━━━ 651.1/651.1 kB 60.5 MB/s eta 0:00:00
Downloading mlx_metal-0.32.3-py3-none-macosx_26_0_arm64.whl (67.7 MB)
   ━━━━━━━━━━━━━━━━━━━━━━━━━━━━━━━━━━━━━━━━ 67.7/67.7 MB 7.0 MB/s eta 0:00:00
Using cached joblib-1.6.0-py3-none-any.whl (306 kB)
Using cached mpmath-1.3.0-py3-none-any.whl (536 kB)
Using cached narwhals-2.26.0-py3-none-any.whl (474 kB)
Downloading numpy-2.5.3-cp312-cp312-macosx_14_0_arm64.whl (5.4 MB)
   ━━━━━━━━━━━━━━━━━━━━━━━━━━━━━━━━━━━━━━━━ 5.4/5.4 MB 15.6 MB/s eta 0:00:00
Using cached scipy-1.18.1-cp312-cp312-macosx_14_0_arm64.whl (20.5 MB)
Using cached threadpoolctl-3.7.0-py3-none-any.whl (26 kB)
Using cached pillow-12.3.0-cp312-cp312-macosx_11_0_arm64.whl (4.8 MB)
Using cached cloudpickle-3.1.2-py3-none-any.whl (22 kB)
Installing collected packages: mpmath, threadpoolctl, sympy, Pillow, numpy, narwhals, mlx-metal, cloudpickle, scipy, rdkit, mlx, joblib, scikit-learn
Successfully installed Pillow-12.3.0 cloudpickle-3.1.2 joblib-1.6.0 mlx-0.32.3 mlx-metal-0.32.3 mpmath-1.3.0 narwhals-2.26.0 numpy-2.5.3 rdkit-2026.3.6 scikit-learn-1.9.1 scipy-1.18.1 sympy-1.14.0 threadpoolctl-3.7.0
