{
  "bike": {
    "rows": 17379,
    "days": 731,
    "unique_timestamps": 17379,
    "missing_hours_on_731_day_grid": 165,
    "weather": {
      "1": {
        "hours": 11413,
        "dates": 700,
        "years": {
          "0": 5645,
          "1": 5768
        }
      },
      "2": {
        "hours": 4544,
        "dates": 567,
        "years": {
          "0": 2218,
          "1": 2326
        }
      },
      "3": {
        "hours": 1419,
        "dates": 300,
        "years": {
          "0": 781,
          "1": 638
        }
      },
      "4": {
        "hours": 3,
        "dates": 3,
        "years": {
          "0": 1,
          "1": 2
        }
      }
    },
    "cnt_equals_casual_plus_registered": true,
    "date_range": [
      "2011-01-01",
      "2012-12-31"
    ]
  },
  "human": {
    "occupation": "51-4041.00",
    "release_before": "20.0 (August 2015)",
    "release_after": "30.0 (August 2025)",
    "actual_measurement_dates_before": [
      "07/2012"
    ],
    "actual_measurement_dates_after": [
      "08/2020"
    ],
    "tasks_before": 29,
    "tasks_after": 29,
    "shared_ids": 29,
    "same_text_shared": 26,
    "paired_task_definitions": [
      {
        "task_id": "3094",
        "task": "Machine parts to specifications, using machine tools, such as lathes, milling machines, shapers, or grinders.",
        "task_before": "Machine parts to specifications, using machine tools, such as lathes, milling machines, shapers, or grinders.",
        "same_text": true,
        "type_before": "Core",
        "type_after": "Core",
        "date_before": "07/2012",
        "date_after": "08/2020",
        "importance_before": 4.57,
        "importance_after": 4.77,
        "difference": 0.1999999999999993,
        "N_before": "117",
        "N_after": "78",
        "SE_before": "0.10",
        "SE_after": "0.0719"
      },
      {
        "task_id": "3095",
        "task": "Measure, examine, or test completed units to check for defects and ensure conformance to specifications, using precision instruments, such as micrometers.",
        "task_before": "Measure, examine, or test completed units to check for defects and ensure conformance to specifications, using precision instruments, such as micrometers.",
        "same_text": true,
        "type_before": "Core",
        "type_after": "Core",
        "date_before": "07/2012",
        "date_after": "08/2020",
        "importance_before": 4.38,
        "importance_after": 4.62,
        "difference": 0.2400000000000002,
        "N_before": "113",
        "N_after": "75",
        "SE_before": "0.13",
        "SE_after": "0.0914"
      },
      {
        "task_id": "3097",
        "task": "Align and secure holding fixtures, cutting tools, attachments, accessories, or materials onto machines.",
        "task_before": "Align and secure holding fixtures, cutting tools, attachments, accessories, or materials onto machines.",
        "same_text": true,
        "type_before": "Core",
        "type_after": "Core",
        "date_before": "07/2012",
        "date_after": "08/2020",
        "importance_before": 4.4,
        "importance_after": 4.34,
        "difference": -0.0600000000000005,
        "N_before": "114",
        "N_after": "74",
        "SE_before": "0.10",
        "SE_after": "0.1110"
      },
      {
        "task_id": "3098",
        "task": "Monitor the feed and speed of machines during the machining process.",
        "task_before": "Monitor the feed and speed of machines during the machining process.",
        "same_text": true,
        "type_before": "Core",
        "type_after": "Core",
        "date_before": "07/2012",
        "date_after": "08/2020",
        "importance_before": 4.35,
        "importance_after": 4.46,
        "difference": 0.11000000000000032,
        "N_before": "114",
        "N_after": "73",
        "SE_before": "0.11",
        "SE_after": "0.1238"
      },
      {
        "task_id": "3101",
        "task": "Lay out, measure, and mark metal stock to display placement of cuts.",
        "task_before": "Lay out, measure, and mark metal stock to display placement of cuts.",
        "same_text": true,
        "type_before": "Core",
        "type_after": "Core",
        "date_before": "07/2012",
        "date_after": "08/2020",
        "importance_before": 3.81,
        "importance_after": 4.02,
        "difference": 0.20999999999999952,
        "N_before": "101",
        "N_after": "59",
        "SE_before": "0.11",
        "SE_after": "0.1470"
      },
      {
        "task_id": "3103",
        "task": "Check work pieces to ensure that they are properly lubricated or cooled.",
        "task_before": "Check work pieces to ensure that they are properly lubricated or cooled.",
        "same_text": true,
        "type_before": "Core",
        "type_after": "Core",
        "date_before": "07/2012",
        "date_after": "08/2020",
        "importance_before": 4.01,
        "importance_after": 3.92,
        "difference": -0.08999999999999986,
        "N_before": "113",
        "N_after": "63",
        "SE_before": "0.09",
        "SE_after": "0.1297"
      },
      {
        "task_id": "3106",
        "task": "Operate equipment to verify operational efficiency.",
        "task_before": "Operate equipment to verify operational efficiency.",
        "same_text": true,
        "type_before": "Core",
        "type_after": "Core",
        "date_before": "07/2012",
        "date_after": "08/2020",
        "importance_before": 4.1,
        "importance_after": 4.33,
        "difference": 0.23000000000000043,
        "N_before": "97",
        "N_after": "71",
        "SE_before": "0.11",
        "SE_after": "0.0894"
      },
      {
        "task_id": "3107",
        "task": "Install repaired parts into equipment or install new equipment.",
        "task_before": "Install repaired parts into equipment or install new equipment.",
        "same_text": true,
        "type_before": "Core",
        "type_after": "Supplemental",
        "date_before": "07/2012",
        "date_after": "08/2020",
        "importance_before": 3.41,
        "importance_after": 4.11,
        "difference": 0.7000000000000002,
        "N_before": "84",
        "N_after": "42",
        "SE_before": "0.23",
        "SE_after": "0.1770"
      },
      {
        "task_id": "3109",
        "task": "Advise clients about the materials being used for finished products.",
        "task_before": "Advise clients about the materials being used for finished products.",
        "same_text": true,
        "type_before": "Supplemental",
        "type_after": "Supplemental",
        "date_before": "07/2012",
        "date_after": "08/2020",
        "importance_before": 3.25,
        "importance_after": 3.56,
        "difference": 0.31000000000000005,
        "N_before": "50",
        "N_after": "28",
        "SE_before": "0.25",
        "SE_after": "0.3359"
      },
      {
        "task_id": "3110",
        "task": "Program computers or electronic instruments, such as numerically controlled machine tools.",
        "task_before": "Program computers or electronic instruments, such as numerically controlled machine tools.",
        "same_text": true,
        "type_before": "Core",
        "type_after": "Core",
        "date_before": "07/2012",
        "date_after": "08/2020",
        "importance_before": 3.95,
        "importance_after": 4.54,
        "difference": 0.5899999999999999,
        "N_before": "85",
        "N_after": "53",
        "SE_before": "0.13",
        "SE_after": "0.1116"
      },
      {
        "task_id": "3112",
        "task": "Confer with engineering, supervisory, or manufacturing personnel to exchange technical information.",
        "task_before": "Confer with engineering, supervisory, or manufacturing personnel to exchange technical information.",
        "same_text": true,
        "type_before": "Core",
        "type_after": "Core",
        "date_before": "07/2012",
        "date_after": "08/2020",
        "importance_before": 3.84,
        "importance_after": 4.02,
        "difference": 0.17999999999999972,
        "N_before": "110",
        "N_after": "67",
        "SE_before": "0.11",
        "SE_after": "0.1440"
      },
      {
        "task_id": "3113",
        "task": "Dismantle machines or equipment, using hand tools or power tools to examine parts for defects and replace defective parts where needed.",
        "task_before": "Dismantle machines or equipment, using hand tools or power tools to examine parts for defects and replace defective parts where needed.",
        "same_text": true,
        "type_before": "Core",
        "type_after": "Supplemental",
        "date_before": "07/2012",
        "date_after": "08/2020",
        "importance_before": 3.47,
        "importance_after": 4.03,
        "difference": 0.56,
        "N_before": "88",
        "N_after": "49",
        "SE_before": "0.20",
        "SE_after": "0.1320"
      },
      {
        "task_id": "3114",
        "task": "Establish work procedures for fabricating new structural products, using a variety of metalworking machines.",
        "task_before": "Establish work procedures for fabricating new structural products, using a variety of metalworking machines.",
        "same_text": true,
        "type_before": "Supplemental",
        "type_after": "Supplemental",
        "date_before": "07/2012",
        "date_after": "08/2020",
        "importance_before": 3.61,
        "importance_after": 3.86,
        "difference": 0.25,
        "N_before": "74",
        "N_after": "43",
        "SE_before": "0.15",
        "SE_after": "0.1634"
      },
      {
        "task_id": "3115",
        "task": "Support metalworking projects from planning and fabrication through assembly, inspection, and testing, using knowledge of machine functions, metal properties, and mathematics.",
        "task_before": "Support metalworking projects from planning and fabrication through assembly, inspection, and testing, using knowledge of machine functions, metal properties and mathematics.",
        "same_text": false,
        "type_before": "Supplemental",
        "type_after": "Supplemental",
        "date_before": "07/2012",
        "date_after": "08/2020",
        "importance_before": 3.7,
        "importance_after": 4.41,
        "difference": 0.71,
        "N_before": "73",
        "N_after": "50",
        "SE_before": "0.17",
        "SE_after": "0.1164"
      },
      {
        "task_id": "3116",
        "task": "Confer with numerical control programmers to check and ensure that new programs or machinery will function properly and that output will meet specifications.",
        "task_before": "Confer with numerical control programmers to check and ensure that new programs or machinery will function properly and that output will meet specifications.",
        "same_text": true,
        "type_before": "Supplemental",
        "type_after": "Core",
        "date_before": "07/2012",
        "date_after": "08/2020",
        "importance_before": 3.7,
        "importance_after": 4.33,
        "difference": 0.6299999999999999,
        "N_before": "73",
        "N_after": "57",
        "SE_before": "0.17",
        "SE_after": "0.1572"
      },
      {
        "task_id": "3117",
        "task": "Fit and assemble parts to make or repair machine tools.",
        "task_before": "Fit and assemble parts to make or repair machine tools.",
        "same_text": true,
        "type_before": "Core",
        "type_after": "Core",
        "date_before": "07/2012",
        "date_after": "08/2020",
        "importance_before": 3.8,
        "importance_after": 4.41,
        "difference": 0.6100000000000003,
        "N_before": "89",
        "N_after": "54",
        "SE_before": "0.14",
        "SE_after": "0.0984"
      },
      {
        "task_id": "3119",
        "task": "Design fixtures, tooling, or experimental parts to meet special engineering needs.",
        "task_before": "Design fixtures, tooling, or experimental parts to meet special engineering needs.",
        "same_text": true,
        "type_before": "Supplemental",
        "type_after": "Core",
        "date_before": "07/2012",
        "date_after": "08/2020",
        "importance_before": 3.86,
        "importance_after": 4.07,
        "difference": 0.2100000000000004,
        "N_before": "81",
        "N_after": "52",
        "SE_before": "0.13",
        "SE_after": "0.0965"
      },
      {
        "task_id": "3120",
        "task": "Prepare working sketches for the illustration of product appearance.",
        "task_before": "Prepare working sketches for the illustration of product appearance.",
        "same_text": true,
        "type_before": "Supplemental",
        "type_after": "Supplemental",
        "date_before": "07/2012",
        "date_after": "08/2020",
        "importance_before": 3.26,
        "importance_after": 3.88,
        "difference": 0.6200000000000001,
        "N_before": "51",
        "N_after": "37",
        "SE_before": "0.24",
        "SE_after": "0.3266"
      },
      {
        "task_id": "3121",
        "task": "Install experimental parts or assemblies, such as hydraulic systems, electrical wiring, lubricants, or batteries into machines or mechanisms.",
        "task_before": "Install experimental parts or assemblies, such as hydraulic systems, electrical wiring, lubricants, or batteries into machines or mechanisms.",
        "same_text": true,
        "type_before": "Supplemental",
        "type_after": "Supplemental",
        "date_before": "07/2012",
        "date_after": "08/2020",
        "importance_before": 3.06,
        "importance_after": 3.57,
        "difference": 0.5099999999999998,
        "N_before": "55",
        "N_after": "31",
        "SE_before": "0.21",
        "SE_after": "0.2432"
      },
      {
        "task_id": "3122",
        "task": "Set up or operate metalworking, brazing, heat-treating, welding, or cutting equipment.",
        "task_before": "Set up or operate metalworking, brazing, heat-treating, welding, or cutting equipment.",
        "same_text": true,
        "type_before": "Core",
        "type_after": "Supplemental",
        "date_before": "07/2012",
        "date_after": "08/2020",
        "importance_before": 3.73,
        "importance_after": 3.94,
        "difference": 0.20999999999999996,
        "N_before": "93",
        "N_after": "46",
        "SE_before": "0.13",
        "SE_after": "0.1529"
      },
      {
        "task_id": "3123",
        "task": "Test experimental models under simulated operating conditions, for purposes such as development, standardization, or feasibility of design.",
        "task_before": "Test experimental models under simulated operating conditions for purposes such as development, standardization, or feasibility of design.",
        "same_text": false,
        "type_before": "Supplemental",
        "type_after": "Supplemental",
        "date_before": "07/2012",
        "date_after": "08/2020",
        "importance_before": 3.2,
        "importance_after": 3.96,
        "difference": 0.7599999999999998,
        "N_before": "57",
        "N_after": "40",
        "SE_before": "0.19",
        "SE_after": "0.2274"
      },
      {
        "task_id": "19905",
        "task": "Dispose of scrap or waste material in accordance with company policies and environmental regulations.",
        "task_before": "Dispose of scrap or waste material in accordance with company policies and environmental regulations.",
        "same_text": true,
        "type_before": "Core",
        "type_after": "Core",
        "date_before": "07/2012",
        "date_after": "08/2020",
        "importance_before": 3.69,
        "importance_after": 4.03,
        "difference": 0.3400000000000003,
        "N_before": "103",
        "N_after": "70",
        "SE_before": "0.12",
        "SE_after": "0.1409"
      },
      {
        "task_id": "19906",
        "task": "Separate scrap waste and related materials for reuse, recycling, or disposal.",
        "task_before": "Separate scrap waste and related materials for reuse, recycling, or disposal.",
        "same_text": true,
        "type_before": "Core",
        "type_after": "Core",
        "date_before": "07/2012",
        "date_after": "08/2020",
        "importance_before": 3.67,
        "importance_after": 3.99,
        "difference": 0.3200000000000003,
        "N_before": "99",
        "N_after": "69",
        "SE_before": "0.15",
        "SE_after": "0.1315"
      },
      {
        "task_id": "20292",
        "task": "Calculate dimensions or tolerances, using instruments, such as micrometers or vernier calipers.",
        "task_before": "Calculate dimensions or tolerances, using instruments such as micrometers or vernier calipers.",
        "same_text": false,
        "type_before": "Core",
        "type_after": "Core",
        "date_before": "07/2012",
        "date_after": "08/2020",
        "importance_before": 4.62,
        "importance_after": 4.79,
        "difference": 0.16999999999999993,
        "N_before": "113",
        "N_after": "76",
        "SE_before": "0.10",
        "SE_after": "0.0655"
      },
      {
        "task_id": "20293",
        "task": "Set up, adjust, or operate basic or specialized machine tools used to perform precision machining operations.",
        "task_before": "Set up, adjust, or operate basic or specialized machine tools used to perform precision machining operations.",
        "same_text": true,
        "type_before": "Core",
        "type_after": "Core",
        "date_before": "07/2012",
        "date_after": "08/2020",
        "importance_before": 4.49,
        "importance_after": 4.56,
        "difference": 0.0699999999999994,
        "N_before": "117",
        "N_after": "75",
        "SE_before": "0.09",
        "SE_after": "0.0923"
      },
      {
        "task_id": "20294",
        "task": "Maintain machine tools in proper operational condition.",
        "task_before": "Maintain machine tools in proper operational condition.",
        "same_text": true,
        "type_before": "Core",
        "type_after": "Core",
        "date_before": "07/2012",
        "date_after": "08/2020",
        "importance_before": 4.18,
        "importance_after": 4.45,
        "difference": 0.27000000000000046,
        "N_before": "117",
        "N_after": "79",
        "SE_before": "0.10",
        "SE_after": "0.0840"
      },
      {
        "task_id": "20295",
        "task": "Study sample parts, blueprints, drawings, or engineering information to determine methods or sequences of operations needed to fabricate products.",
        "task_before": "Study sample parts, blueprints, drawings, or engineering information to determine methods or sequences of operations needed to fabricate products.",
        "same_text": true,
        "type_before": "Core",
        "type_after": "Core",
        "date_before": "07/2012",
        "date_after": "08/2020",
        "importance_before": 4.16,
        "importance_after": 4.48,
        "difference": 0.3200000000000003,
        "N_before": "107",
        "N_after": "63",
        "SE_before": "0.10",
        "SE_after": "0.1492"
      },
      {
        "task_id": "20296",
        "task": "Diagnose machine tool malfunctions to determine need for adjustments or repairs.",
        "task_before": "Diagnose machine tool malfunctions to determine need for adjustments or repairs.",
        "same_text": true,
        "type_before": "Core",
        "type_after": "Core",
        "date_before": "07/2012",
        "date_after": "08/2020",
        "importance_before": 3.94,
        "importance_after": 4.08,
        "difference": 0.14000000000000012,
        "N_before": "114",
        "N_after": "70",
        "SE_before": "0.11",
        "SE_after": "0.1075"
      },
      {
        "task_id": "20297",
        "task": "Evaluate machining procedures and recommend changes or modifications for improved efficiency or adaptability.",
        "task_before": "Evaluate machining procedures and recommend changes or modifications for improved efficiency or adaptability.",
        "same_text": true,
        "type_before": "Core",
        "type_after": "Core",
        "date_before": "07/2012",
        "date_after": "08/2020",
        "importance_before": 3.64,
        "importance_after": 4.29,
        "difference": 0.6499999999999999,
        "N_before": "100",
        "N_after": "68",
        "SE_before": "0.14",
        "SE_after": "0.1254"
      }
    ],
    "inference": "Descriptive repeated occupation surveys, not worker panel; no automation causal effect identified."
  },
  "network": {
    "static_degree_distribution_both": {
      "2": 6
    },
    "A_edge_survival": 1.0,
    "B_expected_surviving_edges": 2.4,
    "B_expected_survival": 0.39999999999999997,
    "B_overlap_histogram": {
      "0": 36,
      "1": 144,
      "2": 180,
      "3": 240,
      "4": 108,
      "6": 12
    },
    "permutations": 720,
    "probability_B_second_snapshot_equals_initial": 0.016666666666666666
  },
  "failure": {
    "input_kind": "Synthetic development record supplied in cases.json; allocations below are constructed examples, not actual algorithm errors.",
    "reported_candidate_error": 1.12,
    "reported_baseline_error": 1.0,
    "reported_resource_ratio": 2.0,
    "relative_error_increase": 0.1200000000000001,
    "baseline_errors": [
      1.0,
      1.0,
      1.0,
      1.0,
      1.0,
      1.0,
      1.0,
      1.0,
      1.0,
      1.0
    ],
    "compatible_allocation_A": [
      1.12,
      1.12,
      1.12,
      1.12,
      1.12,
      1.12,
      1.12,
      1.12,
      1.12,
      1.12
    ],
    "compatible_allocation_B": [
      0.2,
      0.2,
      1.35,
      1.35,
      1.35,
      1.35,
      1.35,
      1.35,
      1.35,
      1.35
    ],
    "mean_A": 1.12,
    "mean_B": 1.12,
    "candidate_wins_A": 0,
    "candidate_wins_B": 2,
    "next_action": "Obtain and audit paired per-unit development predictions, losses, strata, seeds, and resource logs before opening the formal test set."
  },
  "handoff": {
    "input_inventory": [
      {
        "name": "cases.json",
        "is_file": true
      },
      {
        "name": "snapshot.json",
        "is_file": true
      }
    ],
    "analysis_and_proof": "User reports complete; underlying records absent, not independently verified.",
    "source_manuscript": "not supplied",
    "pdf": "not supplied",
    "figures": "not supplied",
    "caption_audit": "not executable without captions/figures",
    "abstract_value_audit": "not executable without abstract/frozen results",
    "source_pdf_sync_audit": "not executable without source/PDF",
    "author_identity_and_declarations": "awaiting human confirmation",
    "delivery_state": "internal handoff only; not submission-ready",
    "external_actions": []
  }
}
SELF-CHECK PASS
