{
  "version": "3.3.0-rc.1",
  "generated_at": "2026-10-01T15:58:14.160715+00:00",
  "tests_run": 610,
  "failures": 0,
  "errors": 0,
  "skipped": 0,
  "passed": true,
  "groups": {
    "test_architecture": 86,
    "test_computational_routes": 10,
    "test_integration": 78,
    "test_lean": 57,
    "test_package_identity": 3,
    "test_pdf_extract": 2,
    "test_portability": 50,
    "test_quality31": 69,
    "test_release": 57,
    "test_research_tools": 18,
    "test_result_links": 59,
    "test_suite": 121
  },
  "platform": "Darwin",
  "architecture": "arm64",
  "python": "3.12.14",
  "scope": "Local software regression. HTTP/source responses are synthetic fixtures unless separately reported.",
  "native_agent_behavior_evaluated": false,
  "real_paper_lifecycle_tested": false,
  "macos_native_tested": true
}
