test_active_markdown_links_resolve_locally (test_lean.LeanDefaults.test_active_markdown_links_resolve_locally) ... ok
test_autonomy_explicit_without_data_fabrication (test_lean.LeanDefaults.test_autonomy_explicit_without_data_fabrication) ... ok
test_compatible_minimum_versions_merge (test_lean.LeanDefaults.test_compatible_minimum_versions_merge) ... ok
test_default_export_is_short (test_lean.LeanDefaults.test_default_export_is_short) ... ok
test_entries_short_and_do_not_load_universe (test_lean.LeanDefaults.test_entries_short_and_do_not_load_universe) ... ok
test_focused_entry_does_not_require_admin_ledger (test_lean.LeanDefaults.test_focused_entry_does_not_require_admin_ledger) ... ok
test_forward_compatible_custom_operation (test_lean.LeanDefaults.test_forward_compatible_custom_operation) ... ok
test_full_export_preserves_30_steps (test_lean.LeanDefaults.test_full_export_preserves_30_steps) ... ok
test_important_negative_results_preserved_in_reference (test_lean.LeanDefaults.test_important_negative_results_preserved_in_reference) ... ok
test_named_dependency_count_is_not_artificial_cap (test_lean.LeanDefaults.test_named_dependency_count_is_not_artificial_cap) ... ok
test_no_runtime_static_provider_whitelist (test_lean.LeanDefaults.test_no_runtime_static_provider_whitelist) ... ok
test_no_static_provider_cards_in_active_skills (test_lean.LeanDefaults.test_no_static_provider_cards_in_active_skills) ... ok
test_pin_below_minimum_rejected (test_lean.LeanDefaults.test_pin_below_minimum_rejected) ... ok
test_pin_meeting_minimum_merges (test_lean.LeanDefaults.test_pin_meeting_minimum_merges) ... ok
test_plain_journal_task_needs_no_statistics (test_lean.LeanDefaults.test_plain_journal_task_needs_no_statistics) ... ok
test_reading_still_requires_actual_figure_observation (test_lean.LeanDefaults.test_reading_still_requires_actual_figure_observation) ... ok
test_reverse_order_pin_meeting_minimum_merges (test_lean.LeanDefaults.test_reverse_order_pin_meeting_minimum_merges) ... ok
test_sources_are_unpinned_repository_pointers (test_lean.LeanDefaults.test_sources_are_unpinned_repository_pointers) ... ok
test_theory_needs_no_gpu_or_data_stack (test_lean.LeanDefaults.test_theory_needs_no_gpu_or_data_stack) ... ok
test_two_exact_conflicting_versions_rejected (test_lean.LeanDefaults.test_two_exact_conflicting_versions_rejected) ... ok
test_writing_no_per_paragraph_paperwork (test_lean.LeanDefaults.test_writing_no_per_paragraph_paperwork) ... ok
test_arbitrary_repo_not_in_13_sources (test_lean.Sources.test_arbitrary_repo_not_in_13_sources) ... ok
test_bad_url_rejected (test_lean.Sources.test_bad_url_rejected) ... ok
test_blob_mismatch_rejected (test_lean.Sources.test_blob_mismatch_rejected) ... ok
test_cache_cannot_hide_a_changed_index_blob (test_lean.Sources.test_cache_cannot_hide_a_changed_index_blob) ... ok
test_compact_display_preserves_full_index (test_lean.Sources.test_compact_display_preserves_full_index) ... ok
test_credentials_in_url_rejected (test_lean.Sources.test_credentials_in_url_rejected) ... ok
test_declared_dependency_identity_input_is_validated (test_lean.Sources.test_declared_dependency_identity_input_is_validated) ... ok
test_default_branch_is_detected (test_lean.Sources.test_default_branch_is_detected) ... ok
test_discovered_entry_changed_requires_new_source (test_lean.Sources.test_discovered_entry_changed_requires_new_source) ... ok
test_duplicate_conflicting_paths_rejected (test_lean.Sources.test_duplicate_conflicting_paths_rejected) ... ok
test_dynamic_native_handoff_without_review_form (test_lean.Sources.test_dynamic_native_handoff_without_review_form) ... ok
test_edited_cache_is_preserved_and_rejected (test_lean.Sources.test_edited_cache_is_preserved_and_rejected) ... ok
test_entry_unchanged_does_not_hide_declared_dependency_drift (test_lean.Sources.test_entry_unchanged_does_not_hide_declared_dependency_drift) ... ok
test_fresh_discovery_sees_new_commit_and_path (test_lean.Sources.test_fresh_discovery_sees_new_commit_and_path) ... ok
test_function_interface_uses_discovered_path (test_lean.Sources.test_function_interface_uses_discovered_path) ... ok
test_local_dependency_adaptation_needs_matching_digest_review (test_lean.Sources.test_local_dependency_adaptation_needs_matching_digest_review) ... ok
test_missing_entry_rejected (test_lean.Sources.test_missing_entry_rejected) ... ok
test_native_bind_keeps_support_paths (test_lean.Sources.test_native_bind_keeps_support_paths) ... ok
test_network_not_implicitly_used (test_lean.Sources.test_network_not_implicitly_used) ... ok
test_new_entry_path_is_discovered (test_lean.Sources.test_new_entry_path_is_discovered) ... ok
test_only_chosen_entry_bound (test_lean.Sources.test_only_chosen_entry_bound) ... ok
test_read_pins_original_run_commit (test_lean.Sources.test_read_pins_original_run_commit) ... ok
test_ref_is_quoted (test_lean.Sources.test_ref_is_quoted) ... ok
test_reference_not_mislabeled_native (test_lean.Sources.test_reference_not_mislabeled_native) ... ok
test_reference_repository_no_native_skills (test_lean.Sources.test_reference_repository_no_native_skills) ... ok
test_repository_url_normalized (test_lean.Sources.test_repository_url_normalized) ... ok
test_submodule_not_skill (test_lean.Sources.test_submodule_not_skill) ... ok
test_support_path_missing_is_specific (test_lean.Sources.test_support_path_missing_is_specific) ... ok
test_symlink_not_skill (test_lean.Sources.test_symlink_not_skill) ... ok
test_traversal_rejected (test_lean.Sources.test_traversal_rejected) ... ok
test_truncated_budget_does_not_claim_complete (test_lean.Sources.test_truncated_budget_does_not_claim_complete) ... ok
test_truncated_tree_falls_back_to_subtrees (test_lean.Sources.test_truncated_tree_falls_back_to_subtrees) ... ok
test_unknown_function_interface_not_invented (test_lean.Sources.test_unknown_function_interface_not_invented) ... ok
test_unknown_semantic_quality_not_faked (test_lean.Sources.test_unknown_semantic_quality_not_faked) ... ok
test_unsupported_binary_response (test_lean.Sources.test_unsupported_binary_response) ... ok
test_verified_read_cache_reuses_bytes_without_network (test_lean.Sources.test_verified_read_cache_reuses_bytes_without_network) ... ok

----------------------------------------------------------------------
Ran 57 tests in 0.045s

OK
